[scanyode.framer.website/index.html]
[backblue.gif]
[fade.gif]
[index.html]
[framerusercontent.com/sites/icons/default-favicon-light.v1.png]
[framerusercontent.com/sites/icons/default-favicon-dark.v1.png]
[framerusercontent.com/sites/icons/default-touch-icon.v3.png]
[framerusercontent.com/images/7LnA7aRVNM6oMpj5f5TXwGWh8jE732e.png]
[scanyode.framer.website/ar/index.html]
[framerusercontent.com/images/KAX5g3LAWSvyRAnX1XzkqcORXeo66a4.png]
[framerusercontent.com/images/g5dqzSjTkJtq4LFqqP8PUXJcCqM20cf.png]
[framerusercontent.com/images/G8OADPlQ4XM81g87yTVeAXQMtCw20cf.png]
[framerusercontent.com/images/k3AArWw2S10Zdly3WhaeNTSy09M20cf.png]
[framerusercontent.com/images/Jow79ZiMnbXAzL4EQrMDVjitj8A20cf.png]
[framerusercontent.com/images/DztyB6TeRZUgEhCrfO6JREDvvM20cf.png]
[framerusercontent.com/images/IsqZoc9wiW23bVE8nIEmlSqgIc20cf.png]
[framerusercontent.com/images/ROVBZd6e8W1OiNzqVAyZNqWXM4a98.png]
[framerusercontent.com/images/hkMcxB15qrm6DqC783MVztLOTmAf4f6.png]
[scanyode.framer.website/index.html]
[scanyode.framer.website/ar/index.html]
